Archive member included to satisfy reference by file (symbol)

c:/program files (x86)/atmel/studio/7.0/toolchain/avr8/avr8-gnu-toolchain/bin/../lib/gcc/avr/5.4.0/avr5\libgcc.a(_exit.o)
                              C:/Program Files (x86)/Atmel/Studio/7.0/Packs/atmel/ATmega_DFP/1.7.374/gcc/dev/atmega32/avr5/crtatmega32.o (exit)
c:/program files (x86)/atmel/studio/7.0/toolchain/avr8/avr8-gnu-toolchain/bin/../lib/gcc/avr/5.4.0/avr5\libgcc.a(_copy_data.o)
                              Display/seven_segment.o (__do_copy_data)
c:/program files (x86)/atmel/studio/7.0/toolchain/avr8/avr8-gnu-toolchain/bin/../lib/gcc/avr/5.4.0/avr5\libgcc.a(_clear_bss.o)
                              Bottons/buttons.o (__do_clear_bss)

Discarded input sections

 .data          0x00000000        0x0 C:/Program Files (x86)/Atmel/Studio/7.0/Packs/atmel/ATmega_DFP/1.7.374/gcc/dev/atmega32/avr5/crtatmega32.o
 .bss           0x00000000        0x0 C:/Program Files (x86)/Atmel/Studio/7.0/Packs/atmel/ATmega_DFP/1.7.374/gcc/dev/atmega32/avr5/crtatmega32.o
 .text          0x00000000        0x0 Bottons/buttons.o
 .data          0x00000000        0x0 Bottons/buttons.o
 .bss           0x00000000        0x0 Bottons/buttons.o
 .text          0x00000000        0x0 Display/display.o
 .data          0x00000000        0x0 Display/display.o
 .bss           0x00000000        0x0 Display/display.o
 .text          0x00000000        0x0 Display/seven_segment.o
 .data          0x00000000        0x0 Display/seven_segment.o
 .bss           0x00000000        0x0 Display/seven_segment.o
 .text          0x00000000        0x0 main.o
 .data          0x00000000        0x0 main.o
 .bss           0x00000000        0x0 main.o
 .text          0x00000000        0x0 MCAL/DIO.o
 .data          0x00000000        0x0 MCAL/DIO.o
 .bss           0x00000000        0x0 MCAL/DIO.o
 .text.DIO_ReadPort
                0x00000000       0x24 MCAL/DIO.o
 .text          0x00000000        0x0 MCAL/DIO_Cfg.o
 .data          0x00000000        0x0 MCAL/DIO_Cfg.o
 .bss           0x00000000        0x0 MCAL/DIO_Cfg.o
 .text          0x00000000        0x0 MCAL/Timers.o
 .data          0x00000000        0x0 MCAL/Timers.o
 .bss           0x00000000        0x0 MCAL/Timers.o
 .text.TIMER0_OC0Mode
                0x00000000       0x12 MCAL/Timers.o
 .text.TIMER0_OV_InterruptDisable
                0x00000000        0x8 MCAL/Timers.o
 .text.TIMER0_OC_InterruptEnable
                0x00000000        0x8 MCAL/Timers.o
 .text.TIMER0_OC_InterruptDisable
                0x00000000        0x8 MCAL/Timers.o
 .text.Timer1_Init
                0x00000000       0xc6 MCAL/Timers.o
 .text.Timer1_OCRA1Mode
                0x00000000        0xe MCAL/Timers.o
 .text.Timer1_OCRB1Mode
                0x00000000        0xe MCAL/Timers.o
 .text.Timer1_InputCaptureEdge
                0x00000000       0x18 MCAL/Timers.o
 .text.Timer1_ICU_InterruptEnable
                0x00000000        0x8 MCAL/Timers.o
 .text.Timer1_ICU_InterruptDisable
                0x00000000        0x8 MCAL/Timers.o
 .text.Timer1_OVF_InterruptEnable
                0x00000000        0x8 MCAL/Timers.o
 .text.Timer1_OVF_InterruptDisable
                0x00000000        0x8 MCAL/Timers.o
 .text.Timer1_OCA_InterruptEnable
                0x00000000        0x8 MCAL/Timers.o
 .text.Timer1_OCA_InterruptDisable
                0x00000000        0x8 MCAL/Timers.o
 .text.Timer1_OCB_InterruptEnable
                0x00000000        0x8 MCAL/Timers.o
 .text.Timer1_OCB_InterruptDisable
                0x00000000        0x8 MCAL/Timers.o
 .text.Timer1_OVF_SetCallBack
                0x00000000        0xa MCAL/Timers.o
 .text.Timer1_OCA_SetCallBack
                0x00000000        0xa MCAL/Timers.o
 .text.Timer1_OCB_SetCallBack
                0x00000000        0xa MCAL/Timers.o
 .text.Timer1_ICU_SetCallBack
                0x00000000        0xa MCAL/Timers.o
 .text.TIMER0_set_OCR0
                0x00000000        0x6 MCAL/Timers.o
 .text.TIMER1_set_OCRA
                0x00000000        0xe MCAL/Timers.o
 .text.TIMER1_set_OCRB
                0x00000000        0xe MCAL/Timers.o
 .text          0x00000000        0x0 mode/mode.o
 .data          0x00000000        0x0 mode/mode.o
 .bss           0x00000000        0x0 mode/mode.o
 .text          0x00000000        0x0 schaduler/shaduler.o
 .data          0x00000000        0x0 schaduler/shaduler.o
 .bss           0x00000000        0x0 schaduler/shaduler.o
 .text          0x00000000        0x0 c:/program files (x86)/atmel/studio/7.0/toolchain/avr8/avr8-gnu-toolchain/bin/../lib/gcc/avr/5.4.0/avr5\libgcc.a(_exit.o)
 .data          0x00000000        0x0 c:/program files (x86)/atmel/studio/7.0/toolchain/avr8/avr8-gnu-toolchain/bin/../lib/gcc/avr/5.4.0/avr5\libgcc.a(_exit.o)
 .bss           0x00000000        0x0 c:/program files (x86)/atmel/studio/7.0/toolchain/avr8/avr8-gnu-toolchain/bin/../lib/gcc/avr/5.4.0/avr5\libgcc.a(_exit.o)
 .text.libgcc.mul
                0x00000000        0x0 c:/program files (x86)/atmel/studio/7.0/toolchain/avr8/avr8-gnu-toolchain/bin/../lib/gcc/avr/5.4.0/avr5\libgcc.a(_exit.o)
 .text.libgcc.div
                0x00000000        0x0 c:/program files (x86)/atmel/studio/7.0/toolchain/avr8/avr8-gnu-toolchain/bin/../lib/gcc/avr/5.4.0/avr5\libgcc.a(_exit.o)
 .text.libgcc   0x00000000        0x0 c:/program files (x86)/atmel/studio/7.0/toolchain/avr8/avr8-gnu-toolchain/bin/../lib/gcc/avr/5.4.0/avr5\libgcc.a(_exit.o)
 .text.libgcc.prologue
                0x00000000        0x0 c:/program files (x86)/atmel/studio/7.0/toolchain/avr8/avr8-gnu-toolchain/bin/../lib/gcc/avr/5.4.0/avr5\libgcc.a(_exit.o)
 .text.libgcc.builtins
                0x00000000        0x0 c:/program files (x86)/atmel/studio/7.0/toolchain/avr8/avr8-gnu-toolchain/bin/../lib/gcc/avr/5.4.0/avr5\libgcc.a(_exit.o)
 .text.libgcc.fmul
                0x00000000        0x0 c:/program files (x86)/atmel/studio/7.0/toolchain/avr8/avr8-gnu-toolchain/bin/../lib/gcc/avr/5.4.0/avr5\libgcc.a(_exit.o)
 .text.libgcc.fixed
                0x00000000        0x0 c:/program files (x86)/atmel/studio/7.0/toolchain/avr8/avr8-gnu-toolchain/bin/../lib/gcc/avr/5.4.0/avr5\libgcc.a(_exit.o)
 .text          0x00000000        0x0 c:/program files (x86)/atmel/studio/7.0/toolchain/avr8/avr8-gnu-toolchain/bin/../lib/gcc/avr/5.4.0/avr5\libgcc.a(_copy_data.o)
 .data          0x00000000        0x0 c:/program files (x86)/atmel/studio/7.0/toolchain/avr8/avr8-gnu-toolchain/bin/../lib/gcc/avr/5.4.0/avr5\libgcc.a(_copy_data.o)
 .bss           0x00000000        0x0 c:/program files (x86)/atmel/studio/7.0/toolchain/avr8/avr8-gnu-toolchain/bin/../lib/gcc/avr/5.4.0/avr5\libgcc.a(_copy_data.o)
 .text.libgcc.mul
                0x00000000        0x0 c:/program files (x86)/atmel/studio/7.0/toolchain/avr8/avr8-gnu-toolchain/bin/../lib/gcc/avr/5.4.0/avr5\libgcc.a(_copy_data.o)
 .text.libgcc.div
                0x00000000        0x0 c:/program files (x86)/atmel/studio/7.0/toolchain/avr8/avr8-gnu-toolchain/bin/../lib/gcc/avr/5.4.0/avr5\libgcc.a(_copy_data.o)
 .text.libgcc   0x00000000        0x0 c:/program files (x86)/atmel/studio/7.0/toolchain/avr8/avr8-gnu-toolchain/bin/../lib/gcc/avr/5.4.0/avr5\libgcc.a(_copy_data.o)
 .text.libgcc.prologue
                0x00000000        0x0 c:/program files (x86)/atmel/studio/7.0/toolchain/avr8/avr8-gnu-toolchain/bin/../lib/gcc/avr/5.4.0/avr5\libgcc.a(_copy_data.o)
 .text.libgcc.builtins
                0x00000000        0x0 c:/program files (x86)/atmel/studio/7.0/toolchain/avr8/avr8-gnu-toolchain/bin/../lib/gcc/avr/5.4.0/avr5\libgcc.a(_copy_data.o)
 .text.libgcc.fmul
                0x00000000        0x0 c:/program files (x86)/atmel/studio/7.0/toolchain/avr8/avr8-gnu-toolchain/bin/../lib/gcc/avr/5.4.0/avr5\libgcc.a(_copy_data.o)
 .text.libgcc.fixed
                0x00000000        0x0 c:/program files (x86)/atmel/studio/7.0/toolchain/avr8/avr8-gnu-toolchain/bin/../lib/gcc/avr/5.4.0/avr5\libgcc.a(_copy_data.o)
 .text          0x00000000        0x0 c:/program files (x86)/atmel/studio/7.0/toolchain/avr8/avr8-gnu-toolchain/bin/../lib/gcc/avr/5.4.0/avr5\libgcc.a(_clear_bss.o)
 .data          0x00000000        0x0 c:/program files (x86)/atmel/studio/7.0/toolchain/avr8/avr8-gnu-toolchain/bin/../lib/gcc/avr/5.4.0/avr5\libgcc.a(_clear_bss.o)
 .bss           0x00000000        0x0 c:/program files (x86)/atmel/studio/7.0/toolchain/avr8/avr8-gnu-toolchain/bin/../lib/gcc/avr/5.4.0/avr5\libgcc.a(_clear_bss.o)
 .text.libgcc.mul
                0x00000000        0x0 c:/program files (x86)/atmel/studio/7.0/toolchain/avr8/avr8-gnu-toolchain/bin/../lib/gcc/avr/5.4.0/avr5\libgcc.a(_clear_bss.o)
 .text.libgcc.div
                0x00000000        0x0 c:/program files (x86)/atmel/studio/7.0/toolchain/avr8/avr8-gnu-toolchain/bin/../lib/gcc/avr/5.4.0/avr5\libgcc.a(_clear_bss.o)
 .text.libgcc   0x00000000        0x0 c:/program files (x86)/atmel/studio/7.0/toolchain/avr8/avr8-gnu-toolchain/bin/../lib/gcc/avr/5.4.0/avr5\libgcc.a(_clear_bss.o)
 .text.libgcc.prologue
                0x00000000        0x0 c:/program files (x86)/atmel/studio/7.0/toolchain/avr8/avr8-gnu-toolchain/bin/../lib/gcc/avr/5.4.0/avr5\libgcc.a(_clear_bss.o)
 .text.libgcc.builtins
                0x00000000        0x0 c:/program files (x86)/atmel/studio/7.0/toolchain/avr8/avr8-gnu-toolchain/bin/../lib/gcc/avr/5.4.0/avr5\libgcc.a(_clear_bss.o)
 .text.libgcc.fmul
                0x00000000        0x0 c:/program files (x86)/atmel/studio/7.0/toolchain/avr8/avr8-gnu-toolchain/bin/../lib/gcc/avr/5.4.0/avr5\libgcc.a(_clear_bss.o)
 .text.libgcc.fixed
                0x00000000        0x0 c:/program files (x86)/atmel/studio/7.0/toolchain/avr8/avr8-gnu-toolchain/bin/../lib/gcc/avr/5.4.0/avr5\libgcc.a(_clear_bss.o)

Memory Configuration

Name             Origin             Length             Attributes
text             0x00000000         0x00008000         xr
data             0x00800060         0x00000800         rw !x
eeprom           0x00810000         0x00000400         rw !x
fuse             0x00820000         0x00000002         rw !x
lock             0x00830000         0x00000400         rw !x
signature        0x00840000         0x00000400         rw !x
user_signatures  0x00850000         0x00000400         rw !x
*default*        0x00000000         0xffffffff

Linker script and memory map

LOAD C:/Program Files (x86)/Atmel/Studio/7.0/Packs/atmel/ATmega_DFP/1.7.374/gcc/dev/atmega32/avr5/crtatmega32.o
LOAD Bottons/buttons.o
LOAD Display/display.o
LOAD Display/seven_segment.o
LOAD main.o
LOAD MCAL/DIO.o
LOAD MCAL/DIO_Cfg.o
LOAD MCAL/Timers.o
LOAD mode/mode.o
LOAD schaduler/shaduler.o
START GROUP
LOAD c:/program files (x86)/atmel/studio/7.0/toolchain/avr8/avr8-gnu-toolchain/bin/../lib/gcc/avr/5.4.0/../../../../avr/lib/avr5\libm.a
END GROUP
START GROUP
LOAD c:/program files (x86)/atmel/studio/7.0/toolchain/avr8/avr8-gnu-toolchain/bin/../lib/gcc/avr/5.4.0/avr5\libgcc.a
LOAD c:/program files (x86)/atmel/studio/7.0/toolchain/avr8/avr8-gnu-toolchain/bin/../lib/gcc/avr/5.4.0/../../../../avr/lib/avr5\libm.a
LOAD c:/program files (x86)/atmel/studio/7.0/toolchain/avr8/avr8-gnu-toolchain/bin/../lib/gcc/avr/5.4.0/../../../../avr/lib/avr5\libc.a
LOAD C:/Program Files (x86)/Atmel/Studio/7.0/Packs/atmel/ATmega_DFP/1.7.374/gcc/dev/atmega32/avr5\libatmega32.a
END GROUP
                0x00000000                __TEXT_REGION_ORIGIN__ = DEFINED (__TEXT_REGION_ORIGIN__)?__TEXT_REGION_ORIGIN__:0x0
                [0x00800060]                __DATA_REGION_ORIGIN__ = DEFINED (__DATA_REGION_ORIGIN__)?__DATA_REGION_ORIGIN__:0x800060
                [0x00008000]                __TEXT_REGION_LENGTH__ = DEFINED (__TEXT_REGION_LENGTH__)?__TEXT_REGION_LENGTH__:0x20000
                [0x00000800]                __DATA_REGION_LENGTH__ = DEFINED (__DATA_REGION_LENGTH__)?__DATA_REGION_LENGTH__:0xffa0
                [0x00000400]                __EEPROM_REGION_LENGTH__ = DEFINED (__EEPROM_REGION_LENGTH__)?__EEPROM_REGION_LENGTH__:0x10000
                [0x00000002]                __FUSE_REGION_LENGTH__ = DEFINED (__FUSE_REGION_LENGTH__)?__FUSE_REGION_LENGTH__:0x400
                0x00000400                __LOCK_REGION_LENGTH__ = DEFINED (__LOCK_REGION_LENGTH__)?__LOCK_REGION_LENGTH__:0x400
                0x00000400                __SIGNATURE_REGION_LENGTH__ = DEFINED (__SIGNATURE_REGION_LENGTH__)?__SIGNATURE_REGION_LENGTH__:0x400
                0x00000400                __USER_SIGNATURE_REGION_LENGTH__ = DEFINED (__USER_SIGNATURE_REGION_LENGTH__)?__USER_SIGNATURE_REGION_LENGTH__:0x400

.hash
 *(.hash)

.dynsym
 *(.dynsym)

.dynstr
 *(.dynstr)

.gnu.version
 *(.gnu.version)

.gnu.version_d
 *(.gnu.version_d)

.gnu.version_r
 *(.gnu.version_r)

.rel.init
 *(.rel.init)

.rela.init
 *(.rela.init)

.rel.text
 *(.rel.text)
 *(.rel.text.*)
 *(.rel.gnu.linkonce.t*)

.rela.text
 *(.rela.text)
 *(.rela.text.*)
 *(.rela.gnu.linkonce.t*)

.rel.fini
 *(.rel.fini)

.rela.fini
 *(.rela.fini)

.rel.rodata
 *(.rel.rodata)
 *(.rel.rodata.*)
 *(.rel.gnu.linkonce.r*)

.rela.rodata
 *(.rela.rodata)
 *(.rela.rodata.*)
 *(.rela.gnu.linkonce.r*)

.rel.data
 *(.rel.data)
 *(.rel.data.*)
 *(.rel.gnu.linkonce.d*)

.rela.data
 *(.rela.data)
 *(.rela.data.*)
 *(.rela.gnu.linkonce.d*)

.rel.ctors
 *(.rel.ctors)

.rela.ctors
 *(.rela.ctors)

.rel.dtors
 *(.rel.dtors)

.rela.dtors
 *(.rela.dtors)

.rel.got
 *(.rel.got)

.rela.got
 *(.rela.got)

.rel.bss
 *(.rel.bss)

.rela.bss
 *(.rela.bss)

.rel.plt
 *(.rel.plt)

.rela.plt
 *(.rela.plt)

.text           0x00000000      0xaf0
 *(.vectors)
 .vectors       0x00000000       0x54 C:/Program Files (x86)/Atmel/Studio/7.0/Packs/atmel/ATmega_DFP/1.7.374/gcc/dev/atmega32/avr5/crtatmega32.o
                0x00000000                __vector_default
                0x00000000                __vectors
 *(.vectors)
 *(.progmem.gcc*)
                0x00000054                . = ALIGN (0x2)
                0x00000054                __trampolines_start = .
 *(.trampolines)
 .trampolines   0x00000054        0x0 linker stubs
 *(.trampolines*)
                0x00000054                __trampolines_end = .
 *libprintf_flt.a:*(.progmem.data)
 *libc.a:*(.progmem.data)
 *(.progmem*)
                0x00000054                . = ALIGN (0x2)
 *(.jumptables)
 *(.jumptables*)
 *(.lowtext)
 *(.lowtext*)
                0x00000054                __ctors_start = .
 *(.ctors)
                0x00000054                __ctors_end = .
                0x00000054                __dtors_start = .
 *(.dtors)
                0x00000054                __dtors_end = .
 SORT(*)(.ctors)
 SORT(*)(.dtors)
 *(.init0)
 .init0         0x00000054        0x0 C:/Program Files (x86)/Atmel/Studio/7.0/Packs/atmel/ATmega_DFP/1.7.374/gcc/dev/atmega32/avr5/crtatmega32.o
                0x00000054                __init
 *(.init0)
 *(.init1)
 *(.init1)
 *(.init2)
 .init2         0x00000054        0xc C:/Program Files (x86)/Atmel/Studio/7.0/Packs/atmel/ATmega_DFP/1.7.374/gcc/dev/atmega32/avr5/crtatmega32.o
 *(.init2)
 *(.init3)
 *(.init3)
 *(.init4)
 .init4         0x00000060       0x16 c:/program files (x86)/atmel/studio/7.0/toolchain/avr8/avr8-gnu-toolchain/bin/../lib/gcc/avr/5.4.0/avr5\libgcc.a(_copy_data.o)
                0x00000060                __do_copy_data
 .init4         0x00000076       0x10 c:/program files (x86)/atmel/studio/7.0/toolchain/avr8/avr8-gnu-toolchain/bin/../lib/gcc/avr/5.4.0/avr5\libgcc.a(_clear_bss.o)
                0x00000076                __do_clear_bss
 *(.init4)
 *(.init5)
 *(.init5)
 *(.init6)
 *(.init6)
 *(.init7)
 *(.init7)
 *(.init8)
 *(.init8)
 *(.init9)
 .init9         0x00000086        0x8 C:/Program Files (x86)/Atmel/Studio/7.0/Packs/atmel/ATmega_DFP/1.7.374/gcc/dev/atmega32/avr5/crtatmega32.o
 *(.init9)
 *(.text)
 .text          0x0000008e        0x4 C:/Program Files (x86)/Atmel/Studio/7.0/Packs/atmel/ATmega_DFP/1.7.374/gcc/dev/atmega32/avr5/crtatmega32.o
                0x0000008e                __vector_1
                0x0000008e                __vector_12
                0x0000008e                __bad_interrupt
                0x0000008e                __vector_3
                0x0000008e                __vector_13
                0x0000008e                __vector_17
                0x0000008e                __vector_19
                0x0000008e                __vector_5
                0x0000008e                __vector_4
                0x0000008e                __vector_2
                0x0000008e                __vector_15
                0x0000008e                __vector_14
                0x0000008e                __vector_10
                0x0000008e                __vector_16
                0x0000008e                __vector_18
                0x0000008e                __vector_20
                0x00000092                . = ALIGN (0x2)
 *(.text.*)
 .text.buttons_init
                0x00000092       0x2c Bottons/buttons.o
                0x00000092                buttons_init
 .text.buttons_getter
                0x000000be       0x10 Bottons/buttons.o
                0x000000be                buttons_getter
 .text.button_periodic_check
                0x000000ce       0x62 Bottons/buttons.o
                0x000000ce                button_periodic_check
 .text.display_time
                0x00000130       0xde Display/display.o
                0x00000130                display_time
 .text.time_setter
                0x0000020e        0xa Display/display.o
                0x0000020e                time_setter
 .text.seven_segment_write_number
                0x00000218       0x14 Display/seven_segment.o
                0x00000218                seven_segment_write_number
 .text.main     0x0000022c       0x12 main.o
                0x0000022c                main
 .text.DIO_InitPin
                0x0000023e      0x1fa MCAL/DIO.o
                0x0000023e                DIO_InitPin
 .text.DIO_Init
                0x00000438       0x20 MCAL/DIO.o
                0x00000438                DIO_Init
 .text.DIO_WritePin
                0x00000458      0x10a MCAL/DIO.o
                0x00000458                DIO_WritePin
 .text.DIO_ReadPin
                0x00000562       0x70 MCAL/DIO.o
                0x00000562                DIO_ReadPin
 .text.DIO_TogglePin
                0x000005d2       0x82 MCAL/DIO.o
                0x000005d2                DIO_TogglePin
 .text.DIO_WritePort
                0x00000654       0x20 MCAL/DIO.o
                0x00000654                DIO_WritePort
 .text.TIMER0_Init
                0x00000674       0x54 MCAL/Timers.o
                0x00000674                TIMER0_Init
 .text.TIMER0_OV_InterruptEnable
                0x000006c8        0x8 MCAL/Timers.o
                0x000006c8                TIMER0_OV_InterruptEnable
 .text.TIMER0_OV_SetCallBack
                0x000006d0        0xa MCAL/Timers.o
                0x000006d0                TIMER0_OV_SetCallBack
 .text.__vector_11
                0x000006da       0x52 MCAL/Timers.o
                0x000006da                __vector_11
 .text.__vector_9
                0x0000072c       0x52 MCAL/Timers.o
                0x0000072c                __vector_9
 .text.__vector_7
                0x0000077e       0x52 MCAL/Timers.o
                0x0000077e                __vector_7
 .text.__vector_8
                0x000007d0       0x52 MCAL/Timers.o
                0x000007d0                __vector_8
 .text.__vector_6
                0x00000822       0x52 MCAL/Timers.o
                0x00000822                __vector_6
 .text.mode_update
                0x00000874       0x36 mode/mode.o
                0x00000874                mode_update
 .text.mode_getter
                0x000008aa        0x6 mode/mode.o
                0x000008aa                mode_getter
 .text.update_tick
                0x000008b0       0x1a schaduler/shaduler.o
                0x000008b0                update_tick
 .text.time_update
                0x000008ca       0x50 schaduler/shaduler.o
                0x000008ca                time_update
 .text.time_setting
                0x0000091a       0xa8 schaduler/shaduler.o
                0x0000091a                time_setting
 .text.schaduler_init
                0x000009c2       0x58 schaduler/shaduler.o
                0x000009c2                schaduler_init
 .text.schaduler_update
                0x00000a1a       0x64 schaduler/shaduler.o
                0x00000a1a                schaduler_update
 .text.despatcher
                0x00000a7e       0x4c schaduler/shaduler.o
                0x00000a7e                despatcher
 .text.OS_run   0x00000aca       0x22 schaduler/shaduler.o
                0x00000aca                OS_run
                0x00000aec                . = ALIGN (0x2)
 *(.fini9)
 .fini9         0x00000aec        0x0 c:/program files (x86)/atmel/studio/7.0/toolchain/avr8/avr8-gnu-toolchain/bin/../lib/gcc/avr/5.4.0/avr5\libgcc.a(_exit.o)
                0x00000aec                _exit
                0x00000aec                exit
 *(.fini9)
 *(.fini8)
 *(.fini8)
 *(.fini7)
 *(.fini7)
 *(.fini6)
 *(.fini6)
 *(.fini5)
 *(.fini5)
 *(.fini4)
 *(.fini4)
 *(.fini3)
 *(.fini3)
 *(.fini2)
 *(.fini2)
 *(.fini1)
 *(.fini1)
 *(.fini0)
 .fini0         0x00000aec        0x4 c:/program files (x86)/atmel/studio/7.0/toolchain/avr8/avr8-gnu-toolchain/bin/../lib/gcc/avr/5.4.0/avr5\libgcc.a(_exit.o)
 *(.fini0)
                0x00000af0                _etext = .

.data           0x00800060       0x40 load address 0x00000af0
                0x00800060                PROVIDE (__data_start, .)
 *(.data)
 *(.data*)
 *(.gnu.linkonce.d*)
 *(.rodata)
 *(.rodata*)
 .rodata.seven_seg_char
                0x00800060       0x10 Display/seven_segment.o
 .rodata.PinsStatusArray
                0x00800070       0x20 MCAL/DIO_Cfg.o
                0x00800070                PinsStatusArray
 .rodata.task_period
                0x00800090        0x5 schaduler/shaduler.o
 .rodata.task_array
                0x00800095        0xa schaduler/shaduler.o
 *(.gnu.linkonce.r*)
                0x008000a0                . = ALIGN (0x2)
 *fill*         0x0080009f        0x1 
                0x008000a0                _edata = .
                0x008000a0                PROVIDE (__data_end, .)

.bss            0x008000a0       0x33
                0x008000a0                PROVIDE (__bss_start, .)
 *(.bss)
 *(.bss*)
 .bss.button_counter
                0x008000a0        0x3 Bottons/buttons.o
 .bss.buttons_s
                0x008000a3        0x3 Bottons/buttons.o
 .bss.counter   0x008000a6        0x1 Display/display.o
 .bss.seconds   0x008000a7        0x1 Display/display.o
 .bss.minutes   0x008000a8        0x1 Display/display.o
 .bss.TIMER0_ISR
                0x008000a9        0x2 MCAL/Timers.o
 .bss.TIMER1    0x008000ab        0x8 MCAL/Timers.o
 .bss.state     0x008000b3        0x1 mode/mode.o
 .bss.tick_counter.2053
                0x008000b4        0x2 schaduler/shaduler.o
 .bss.tasks     0x008000b6       0x19 schaduler/shaduler.o
 .bss.sch_flag  0x008000cf        0x1 schaduler/shaduler.o
                0x008000cf                sch_flag
 .bss.ticks     0x008000d0        0x1 schaduler/shaduler.o
                0x008000d0                ticks
 .bss.second    0x008000d1        0x1 schaduler/shaduler.o
 .bss.minute    0x008000d2        0x1 schaduler/shaduler.o
 *(COMMON)
                0x008000d3                PROVIDE (__bss_end, .)
                0x00000af0                __data_load_start = LOADADDR (.data)
                0x00000b30                __data_load_end = (__data_load_start + SIZEOF (.data))

.noinit         0x008000d3        0x0
                [!provide]                PROVIDE (__noinit_start, .)
 *(.noinit*)
                [!provide]                PROVIDE (__noinit_end, .)
                0x008000d3                _end = .
                [!provide]                PROVIDE (__heap_start, .)

.eeprom         0x00810000        0x0
 *(.eeprom*)
                0x00810000                __eeprom_end = .

.fuse
 *(.fuse)
 *(.lfuse)
 *(.hfuse)
 *(.efuse)

.lock
 *(.lock*)

.signature
 *(.signature*)

.user_signatures
 *(.user_signatures*)

.stab
 *(.stab)

.stabstr
 *(.stabstr)

.stab.excl
 *(.stab.excl)

.stab.exclstr
 *(.stab.exclstr)

.stab.index
 *(.stab.index)

.stab.indexstr
 *(.stab.indexstr)

.comment        0x00000000       0x30
 *(.comment)
 .comment       0x00000000       0x30 Bottons/buttons.o
                                 0x31 (size before relaxing)
 .comment       0x00000030       0x31 Display/display.o
 .comment       0x00000030       0x31 Display/seven_segment.o
 .comment       0x00000030       0x31 main.o
 .comment       0x00000030       0x31 MCAL/DIO.o
 .comment       0x00000030       0x31 MCAL/DIO_Cfg.o
 .comment       0x00000030       0x31 MCAL/Timers.o
 .comment       0x00000030       0x31 mode/mode.o
 .comment       0x00000030       0x31 schaduler/shaduler.o

.note.gnu.avr.deviceinfo
                0x00000000       0x3c
 .note.gnu.avr.deviceinfo
                0x00000000       0x3c C:/Program Files (x86)/Atmel/Studio/7.0/Packs/atmel/ATmega_DFP/1.7.374/gcc/dev/atmega32/avr5/crtatmega32.o

.note.gnu.build-id
 *(.note.gnu.build-id)

.debug
 *(.debug)

.line
 *(.line)

.debug_srcinfo
 *(.debug_srcinfo)

.debug_sfnames
 *(.debug_sfnames)

.debug_aranges  0x00000000      0x288
 *(.debug_aranges)
 .debug_aranges
                0x00000000       0x30 Bottons/buttons.o
 .debug_aranges
                0x00000030       0x28 Display/display.o
 .debug_aranges
                0x00000058       0x20 Display/seven_segment.o
 .debug_aranges
                0x00000078       0x20 main.o
 .debug_aranges
                0x00000098       0x50 MCAL/DIO.o
 .debug_aranges
                0x000000e8       0x18 MCAL/DIO_Cfg.o
 .debug_aranges
                0x00000100      0x110 MCAL/Timers.o
 .debug_aranges
                0x00000210       0x28 mode/mode.o
 .debug_aranges
                0x00000238       0x50 schaduler/shaduler.o

.debug_pubnames
 *(.debug_pubnames)

.debug_info     0x00000000     0x2237
 *(.debug_info .gnu.linkonce.wi.*)
 .debug_info    0x00000000      0x4e6 C:/Program Files (x86)/Atmel/Studio/7.0/Packs/atmel/ATmega_DFP/1.7.374/gcc/dev/atmega32/avr5/crtatmega32.o
 .debug_info    0x000004e6      0x2e7 Bottons/buttons.o
 .debug_info    0x000007cd      0x324 Display/display.o
 .debug_info    0x00000af1      0x113 Display/seven_segment.o
 .debug_info    0x00000c04      0x12f main.o
 .debug_info    0x00000d33      0x3f5 MCAL/DIO.o
 .debug_info    0x00001128      0x194 MCAL/DIO_Cfg.o
 .debug_info    0x000012bc      0x727 MCAL/Timers.o
 .debug_info    0x000019e3      0x274 mode/mode.o
 .debug_info    0x00001c57      0x5e0 schaduler/shaduler.o

.debug_abbrev   0x00000000      0xdd8
 *(.debug_abbrev)
 .debug_abbrev  0x00000000      0x4a3 C:/Program Files (x86)/Atmel/Studio/7.0/Packs/atmel/ATmega_DFP/1.7.374/gcc/dev/atmega32/avr5/crtatmega32.o
 .debug_abbrev  0x000004a3      0x105 Bottons/buttons.o
 .debug_abbrev  0x000005a8       0xf0 Display/display.o
 .debug_abbrev  0x00000698       0xcb Display/seven_segment.o
 .debug_abbrev  0x00000763       0x9d main.o
 .debug_abbrev  0x00000800      0x152 MCAL/DIO.o
 .debug_abbrev  0x00000952       0x75 MCAL/DIO_Cfg.o
 .debug_abbrev  0x000009c7      0x15d MCAL/Timers.o
 .debug_abbrev  0x00000b24      0x108 mode/mode.o
 .debug_abbrev  0x00000c2c      0x1ac schaduler/shaduler.o

.debug_line     0x00000000     0x10f7
 *(.debug_line .debug_line.* .debug_line_end)
 .debug_line    0x00000000      0x116 C:/Program Files (x86)/Atmel/Studio/7.0/Packs/atmel/ATmega_DFP/1.7.374/gcc/dev/atmega32/avr5/crtatmega32.o
 .debug_line    0x00000116      0x12d Bottons/buttons.o
 .debug_line    0x00000243      0x129 Display/display.o
 .debug_line    0x0000036c       0x9a Display/seven_segment.o
 .debug_line    0x00000406       0xd4 main.o
 .debug_line    0x000004da      0x371 MCAL/DIO.o
 .debug_line    0x0000084b       0x42 MCAL/DIO_Cfg.o
 .debug_line    0x0000088d      0x480 MCAL/Timers.o
 .debug_line    0x00000d0d       0xf0 mode/mode.o
 .debug_line    0x00000dfd      0x2fa schaduler/shaduler.o

.debug_frame    0x00000000      0x59c
 *(.debug_frame)
 .debug_frame   0x00000000       0x5c Bottons/buttons.o
 .debug_frame   0x0000005c       0x34 Display/display.o
 .debug_frame   0x00000090       0x24 Display/seven_segment.o
 .debug_frame   0x000000b4       0x24 main.o
 .debug_frame   0x000000d8       0x8c MCAL/DIO.o
 .debug_frame   0x00000164      0x36c MCAL/Timers.o
 .debug_frame   0x000004d0       0x34 mode/mode.o
 .debug_frame   0x00000504       0x98 schaduler/shaduler.o

.debug_str      0x00000000      0xe03
 *(.debug_str)
 .debug_str     0x00000000      0x196 C:/Program Files (x86)/Atmel/Studio/7.0/Packs/atmel/ATmega_DFP/1.7.374/gcc/dev/atmega32/avr5/crtatmega32.o
 .debug_str     0x00000196      0x309 Bottons/buttons.o
                                0x345 (size before relaxing)
 .debug_str     0x0000049f       0x83 Display/display.o
                                0x2df (size before relaxing)
 .debug_str     0x00000522       0x29 Display/seven_segment.o
                                0x1de (size before relaxing)
 .debug_str     0x0000054b       0x30 main.o
                                0x1d0 (size before relaxing)
 .debug_str     0x0000057b       0x9f MCAL/DIO.o
                                0x344 (size before relaxing)
 .debug_str     0x0000061a       0x12 MCAL/DIO_Cfg.o
                                0x293 (size before relaxing)
 .debug_str     0x0000062c      0x69a MCAL/Timers.o
                                0x832 (size before relaxing)
 .debug_str     0x00000cc6       0x44 mode/mode.o
                                0x308 (size before relaxing)
 .debug_str     0x00000d0a       0xf9 schaduler/shaduler.o
                                0x51a (size before relaxing)

.debug_loc      0x00000000     0x107d
 *(.debug_loc)
 .debug_loc     0x00000000       0xc7 Bottons/buttons.o
 .debug_loc     0x000000c7       0x21 Display/seven_segment.o
 .debug_loc     0x000000e8      0x8d1 MCAL/DIO.o
 .debug_loc     0x000009b9      0x601 MCAL/Timers.o
 .debug_loc     0x00000fba       0xc3 schaduler/shaduler.o

.debug_macinfo
 *(.debug_macinfo)

.debug_weaknames
 *(.debug_weaknames)

.debug_funcnames
 *(.debug_funcnames)

.debug_typenames
 *(.debug_typenames)

.debug_varnames
 *(.debug_varnames)

.debug_pubtypes
 *(.debug_pubtypes)

.debug_ranges   0x00000000      0x1f0
 *(.debug_ranges)
 .debug_ranges  0x00000000       0x20 Bottons/buttons.o
 .debug_ranges  0x00000020       0x18 Display/display.o
 .debug_ranges  0x00000038       0x10 Display/seven_segment.o
 .debug_ranges  0x00000048       0x10 main.o
 .debug_ranges  0x00000058       0x40 MCAL/DIO.o
 .debug_ranges  0x00000098      0x100 MCAL/Timers.o
 .debug_ranges  0x00000198       0x18 mode/mode.o
 .debug_ranges  0x000001b0       0x40 schaduler/shaduler.o

.debug_macro
 *(.debug_macro)
OUTPUT(Digital Clock.elf elf32-avr)
LOAD linker stubs
